// Jest Snapshot v1, https://goo.gl/fbAQLP

exports[`Prueba a GifItem Debe hacer match con el snapshot 1`] = `
<div>
  <div
    class="card"
  >
    <img
      alt="anime scenery GIF"
      src="anime.jpg"
    />
    <p>
      anime scenery GIF
    </p>
  </div>
</div>
`;
